// Jest Snapshot v1, https://goo.gl/fbAQLP

exports[`initialize a project init project 1`] = `Array []`;
