// Jest Snapshot v1, https://goo.gl/fbAQLP

exports[`split chunks on a project split chunks with subpackages 1`] = `
Array [
  "app-chunks.json",
  "base/page-chunks.json",
  "Card/CardDemo1/index.css.json",
  "Card/CardDemo1/index.template.json",
  "Card/CardDemo2/index.css.json",
  "Card/CardDemo2/index.template.json",
  "manifest.json",
  "page-chunks.json",
  "Sub2/page-chunks.json",
  "Sub3/page-chunks.json",
]
`;

exports[`split chunks on a project split chunks with subpackages 2`] = `
Array [
  Object {
    "jsonPath": "app-chunks.json",
    "name": "com.application.demo.rpk",
    "pageChunks": "{\\"modules/modAll.js\\":\\"\\"}",
  },
  Object {
    "jsonPath": "page-chunks.json",
    "name": "com.application.demo.rpk",
    "pageChunks": "{\\"modules/modSubAll.js\\":\\"\\",\\"modules/modSub12.js\\":\\"\\",\\"modules/modSub2.js\\":\\"\\",\\"modules/modSub1.js\\":\\"\\"}",
  },
  Object {
    "jsonPath": "page-chunks.json",
    "name": "com.application.demo.base.srpk",
    "pageChunks": "{\\"modules/modSubAll.js\\":\\"\\",\\"modules/modSub12.js\\":\\"\\",\\"modules/modSub1.js\\":\\"\\"}",
  },
  Object {
    "jsonPath": "app-chunks.json",
    "name": "com.application.demo.base.srpk",
    "pageChunks": "{\\"modules/modAll.js\\":\\"\\"}",
  },
  Object {
    "jsonPath": "Sub2/page-chunks.json",
    "name": "com.application.demo.sub2.srpk",
    "pageChunks": "{\\"modules/modSubAll.js\\":\\"\\",\\"modules/modSub12.js\\":\\"\\",\\"modules/modSub2.js\\":\\"\\"}",
  },
  Object {
    "jsonPath": "Sub3/page-chunks.json",
    "name": "com.application.demo.sub3.srpk",
    "pageChunks": "{\\"modules/modSubAll.js\\":\\"\\",\\"modules/modSub12.js\\":\\"\\",\\"modules/modSub2.js\\":\\"\\",\\"modules/modSub1.js\\":\\"\\"}",
  },
  Object {
    "jsonPath": "Card/page-chunks.json",
    "name": "com.application.demo.Card.srpk",
    "pageChunks": "",
  },
]
`;
