// Jest Snapshot v1, https://goo.gl/fbAQLP

exports[`validateJson 1`] = `""`;

exports[`validateJson 2`] = `
"校验 manifest.json 错误 
package 字段必须为 string 类型
参考: https://doc.quickapp.cn/framework/manifest.html

校验 manifest.json 错误 
icon 字段必须为 string 类型
参考: https://doc.quickapp.cn/framework/manifest.html

校验 manifest.json 错误 
banner 字段必须为 string 类型
参考: https://doc.quickapp.cn/framework/manifest.html

校验 manifest.json 错误 
versionCode 字段必须为 Integer 类型
参考: https://doc.quickapp.cn/framework/manifest.html

校验 manifest.json 错误 
features.2.name 字段必须为 string 类型
参考: https://doc.quickapp.cn/framework/manifest.html

校验 manifest.json 错误 
config.logLevel 字段只能为 off, error, warn, info, log, debug
参考: https://doc.quickapp.cn/framework/manifest.html

校验 manifest.json 错误 
router.pages 字段必须为 object 类型
参考: https://doc.quickapp.cn/framework/manifest.html

校验 manifest.json 错误 
router 字段必须为 object 类型
参考: https://doc.quickapp.cn/framework/manifest.html

校验 manifest.json 错误 
display.titleBarBackgroundColor 字段必须为 string 类型
参考: https://doc.quickapp.cn/framework/manifest.html

校验 manifest.json 错误 
display.titleBarTextColor 字段必须为 string 类型
参考: https://doc.quickapp.cn/framework/manifest.html

校验 manifest.json 错误 
display.pages 字段类型必须为 'object'
参考: https://doc.quickapp.cn/framework/manifest.html

校验 manifest.json 错误 
menuBarData.menuBar 字段必须为 boolean 类型
参考: https://doc.quickapp.cn/framework/manifest.html

校验 manifest.json 错误 
menuBarData.menuBarStyle 字段只能为 adjustPan 或 adjustResize
参考: https://doc.quickapp.cn/framework/manifest.html

校验 manifest.json 错误 
menuBarData.shareTitle 字段必须为 string 类型
参考: https://doc.quickapp.cn/framework/manifest.html

校验 manifest.json 错误 
deviceTypeList.1 字段类型必须为 'string'
参考: https://doc.quickapp.cn/framework/manifest.html

校验 manifest.json 错误 
必须包含 'package'、'name'、'versionName'、'versionCode'、'minPlatformVersion'、'icon'、'pages' 字段
参考: https://doc.quickapp.cn/framework/manifest.html"
`;
