// Jest Snapshot v1, https://goo.gl/fbAQLP

exports[`hap-toolkit init and run server 1`] = `
Array [
  ".eslintignore",
  ".eslintrc.json",
  ".gitignore",
  ".npmrc",
  ".prettierignore",
  "package.json",
  "README.md",
  "scripts",
  "scripts/gen",
  "scripts/gen/index.js",
  "scripts/gen/template.ux",
  "scripts/selfCloseInputTag.js",
  "src",
  "src/app.ux",
  "src/assets",
  "src/assets/images",
  "src/assets/images/logo.png",
  "src/assets/styles",
  "src/assets/styles/mixins.scss",
  "src/assets/styles/style.scss",
  "src/assets/styles/variables.scss",
  "src/config-phone.json",
  "src/global.js",
  "src/helper",
  "src/helper/ajax.js",
  "src/helper/apis",
  "src/helper/apis/example.js",
  "src/helper/apis/index.js",
  "src/helper/utils.js",
  "src/manifest.json",
  "src/pages",
  "src/pages/Demo",
  "src/pages/Demo/index.ux",
  "src/pages/DemoDetail",
  "src/pages/DemoDetail/index.ux",
  "src/sitemap.json",
  "src/widgets",
  "src/widgets/CardDemo",
  "src/widgets/CardDemo/assets",
  "src/widgets/CardDemo/assets/logo_card.png",
  "src/widgets/CardDemo/assets/styles.scss",
  "src/widgets/CardDemo/index.ux",
]
`;
